// Jest Snapshot v1, https://goo.gl/fbAQLP

exports[`ShowFullContentButton Component should connect to state 1`] = `null`;

exports[`ShowFullContentButton Component should render correctly 1`] = `
<div>
  <div
    className="view-all-content-btn btn-xs btn btn-default"
    onClick={[Function]}
  >
    Show full content
  </div>
  <span
    className="pull-right"
  >
     
    10
    /
    20
     are visible Â  
  </span>
</div>
`;
